Archive member included to satisfy reference by file (symbol)

/opt/riscv/lib/gcc/riscv32-unknown-elf/13.2.0/libgcc.a(_lshrdi3.o)
                              build/firmware.o (__lshrdi3)
/opt/riscv/lib/gcc/riscv32-unknown-elf/13.2.0/../../../../riscv32-unknown-elf/lib/libc.a(libc_a-memcpy.o)
                              build/firmware.o (memcpy)

Discarded input sections

 .comment       0x00000000       0x1c build/tcnt.o
 .riscv.attributes
                0x00000000       0x25 build/tcnt.o
 .comment       0x00000000       0x1c build/firmware.o
 .riscv.attributes
                0x00000000       0x25 build/firmware.o
 .riscv.attributes
                0x00000000       0x27 build/start.o
 .debug_info    0x00000000      0x1af /opt/riscv/lib/gcc/riscv32-unknown-elf/13.2.0/libgcc.a(_lshrdi3.o)
 .debug_abbrev  0x00000000      0x10c /opt/riscv/lib/gcc/riscv32-unknown-elf/13.2.0/libgcc.a(_lshrdi3.o)
 .debug_loclists
                0x00000000       0x6b /opt/riscv/lib/gcc/riscv32-unknown-elf/13.2.0/libgcc.a(_lshrdi3.o)
 .debug_aranges
                0x00000000       0x20 /opt/riscv/lib/gcc/riscv32-unknown-elf/13.2.0/libgcc.a(_lshrdi3.o)
 .debug_line    0x00000000      0x107 /opt/riscv/lib/gcc/riscv32-unknown-elf/13.2.0/libgcc.a(_lshrdi3.o)
 .debug_str     0x00000000      0x204 /opt/riscv/lib/gcc/riscv32-unknown-elf/13.2.0/libgcc.a(_lshrdi3.o)
 .debug_line_str
                0x00000000      0x114 /opt/riscv/lib/gcc/riscv32-unknown-elf/13.2.0/libgcc.a(_lshrdi3.o)
 .comment       0x00000000       0x1c /opt/riscv/lib/gcc/riscv32-unknown-elf/13.2.0/libgcc.a(_lshrdi3.o)
 .debug_frame   0x00000000       0x20 /opt/riscv/lib/gcc/riscv32-unknown-elf/13.2.0/libgcc.a(_lshrdi3.o)
 .riscv.attributes
                0x00000000       0x53 /opt/riscv/lib/gcc/riscv32-unknown-elf/13.2.0/libgcc.a(_lshrdi3.o)
 .comment       0x00000000       0x13 /opt/riscv/lib/gcc/riscv32-unknown-elf/13.2.0/../../../../riscv32-unknown-elf/lib/libc.a(libc_a-memcpy.o)
 .riscv.attributes
                0x00000000       0x53 /opt/riscv/lib/gcc/riscv32-unknown-elf/13.2.0/../../../../riscv32-unknown-elf/lib/libc.a(libc_a-memcpy.o)

Memory Configuration

Name             Origin             Length             Attributes
ROM              0x00000000         0x00002000         xr
RAM              0x00002000         0x00002000         xrw
*default*        0x00000000         0xffffffff

Linker script and memory map


.text           0x00000000      0x942
                0x00000000                        . = 0x0
 *(.init)
 .init          0x00000000      0x110 build/start.o
                0x00000000                start
                0x000000b8                sw_mult
 *(.text*)
 .text          0x00000110       0x78 build/tcnt.o
                0x00000110                TCNT_start
                0x00000124                TCNT_stop
                0x00000138                TCNT_start_div8
                0x00000160                TCNT_start_div16
 .text          0x00000188      0x2bc build/firmware.o
                0x00000188                initialise
                0x0000029c                Multiply
                0x000002c4                get_needed_bytes
                0x000002dc                save_compression
                0x00000388                HashFunction
                0x00000408                closest_difference
                0x00000414                send_to_address
 .text.startup  0x00000444      0x390 build/firmware.o
                0x00000444                main
 .text          0x000007d4        0x0 build/start.o
 .text          0x000007d4       0x28 /opt/riscv/lib/gcc/riscv32-unknown-elf/13.2.0/libgcc.a(_lshrdi3.o)
                0x000007d4                __lshrdi3
 .text          0x000007fc        0x0 /opt/riscv/lib/gcc/riscv32-unknown-elf/13.2.0/../../../../riscv32-unknown-elf/lib/libc.a(libc_a-memcpy.o)
 .text.memcpy   0x000007fc      0x146 /opt/riscv/lib/gcc/riscv32-unknown-elf/13.2.0/../../../../riscv32-unknown-elf/lib/libc.a(libc_a-memcpy.o)
                0x000007fc                memcpy

.data           0x00002000        0x0
                0x00000000                        . = 0x0
 *(.data)
 .data          0x00002000        0x0 build/tcnt.o
 .data          0x00002000        0x0 build/firmware.o
 .data          0x00002000        0x0 build/start.o
 .data          0x00002000        0x0 /opt/riscv/lib/gcc/riscv32-unknown-elf/13.2.0/libgcc.a(_lshrdi3.o)
 .data          0x00002000        0x0 /opt/riscv/lib/gcc/riscv32-unknown-elf/13.2.0/../../../../riscv32-unknown-elf/lib/libc.a(libc_a-memcpy.o)

.rodata         0x00002000     0x1010
                0x00001000                        . = 0x1000
 *fill*         0x00002000     0x1000 
 *(.rodata)
 .rodata        0x00003000       0x10 build/firmware.o
                0x00003010                        . = ALIGN (0x4)
 FILL mask 0xff

.bss            0x00003010      0x400
 .bss           0x00003010        0x0 build/tcnt.o
 .bss           0x00003010      0x400 build/firmware.o
                0x00003010                compressed_image
 .bss           0x00003410        0x0 build/start.o
 .bss           0x00003410        0x0 /opt/riscv/lib/gcc/riscv32-unknown-elf/13.2.0/libgcc.a(_lshrdi3.o)
 .bss           0x00003410        0x0 /opt/riscv/lib/gcc/riscv32-unknown-elf/13.2.0/../../../../riscv32-unknown-elf/lib/libc.a(libc_a-memcpy.o)

.sbss           0x00003410        0x1
 .sbss          0x00003410        0x1 build/firmware.o
                0x00003410                position

/DISCARD/
 *(.note*)
 *(.iplt*)
 *(.igot*)
 *(.rel*)
 *(.comment)
 *(.riscv.attributes)
LOAD build/tcnt.o
LOAD build/firmware.o
LOAD build/start.o
LOAD /opt/riscv/lib/gcc/riscv32-unknown-elf/13.2.0/libgcc.a
START GROUP
LOAD /opt/riscv/lib/gcc/riscv32-unknown-elf/13.2.0/../../../../riscv32-unknown-elf/lib/libc.a
LOAD /opt/riscv/lib/gcc/riscv32-unknown-elf/13.2.0/../../../../riscv32-unknown-elf/lib/libgloss.a
END GROUP
LOAD /opt/riscv/lib/gcc/riscv32-unknown-elf/13.2.0/libgcc.a
OUTPUT(firmware.elf elf32-littleriscv)
