
Discarded input sections

 .comment       0x00000000       0x1c build/tcnt.o
 .riscv.attributes
                0x00000000       0x25 build/tcnt.o
 .comment       0x00000000       0x1c build/firmware.o
 .riscv.attributes
                0x00000000       0x25 build/firmware.o
 .riscv.attributes
                0x00000000       0x27 build/start.o

Memory Configuration

Name             Origin             Length             Attributes
ROM              0x00000000         0x00002000         xr
RAM              0x00002000         0x00002000         xrw
*default*        0x00000000         0xffffffff

Linker script and memory map


.text           0x00000000      0xbc4
                0x00000000                        . = 0x0
 *(.init)
 .init          0x00000000      0x230 build/start.o
                0x00000000                start
                0x000001d0                sw_mult
 *(.text*)
 .text          0x00000230       0x68 build/tcnt.o
                0x00000230                TCNT_start
                0x00000244                TCNT_start_div8
                0x00000264                TCNT_start_div16
                0x00000284                TCNT_stop
 .text          0x00000298      0x2c8 build/firmware.o
                0x00000298                irq_handler
                0x000002b0                initialise
                0x000003cc                Multiply
                0x000003f8                get_needed_bytes
                0x00000424                save_compression
                0x00000498                HashFunction
                0x00000524                closest_difference
                0x00000530                print_compressed_image
 .text.startup  0x00000560      0x664 build/firmware.o
                0x00000560                main
 .text          0x00000bc4        0x0 build/start.o

.data           0x00002000       0x10
                0x00000000                        . = 0x0
 *(.data)
 .data          0x00002000        0x0 build/tcnt.o
 .data          0x00002000       0x10 build/firmware.o
                0x00002000                header
 .data          0x00002010        0x0 build/start.o

.bss            0x00002010      0x400
 .bss           0x00002010        0x0 build/tcnt.o
 .bss           0x00002010      0x400 build/firmware.o
                0x00002010                compressed_image
 .bss           0x00002410        0x0 build/start.o

.sbss           0x00002410        0x1
 .sbss          0x00002410        0x1 build/firmware.o
                0x00002410                position

.rodata         0x00002411     0x1003
                0x00001000                        . = 0x1000
 *fill*         0x00002411     0x1000 
 *(.rodata)
                0x00003414                        . = ALIGN (0x4)
 *fill*         0x00003411        0x3 
 FILL mask 0xff

/DISCARD/
 *(.note*)
 *(.iplt*)
 *(.igot*)
 *(.rel*)
 *(.comment)
 *(.riscv.attributes)
LOAD build/tcnt.o
LOAD build/firmware.o
LOAD build/start.o
LOAD /opt/riscv/lib/gcc/riscv32-unknown-elf/13.2.0/libgcc.a
START GROUP
LOAD /opt/riscv/lib/gcc/riscv32-unknown-elf/13.2.0/../../../../riscv32-unknown-elf/lib/libc.a
LOAD /opt/riscv/lib/gcc/riscv32-unknown-elf/13.2.0/../../../../riscv32-unknown-elf/lib/libgloss.a
END GROUP
LOAD /opt/riscv/lib/gcc/riscv32-unknown-elf/13.2.0/libgcc.a
OUTPUT(firmware.elf elf32-littleriscv)
