
Discarded input sections

 .comment       0x00000000       0x1c build/tcnt.o
 .riscv.attributes
                0x00000000       0x25 build/tcnt.o
 .comment       0x00000000       0x1c build/firmware.o
 .riscv.attributes
                0x00000000       0x25 build/firmware.o
 .riscv.attributes
                0x00000000       0x27 build/start.o

Memory Configuration

Name             Origin             Length             Attributes
ROM              0x00000000         0x00002000         xr
RAM              0x00002000         0x00002000         xrw
*default*        0x00000000         0xffffffff

Linker script and memory map


.text           0x00000000     0x1128
                0x00000000                        . = 0x0
 *(.init)
 .init          0x00000000      0x230 build/start.o
                0x00000000                start
                0x000001d8                sw_mult
 *(.text*)
 .text          0x00000230       0xd8 build/tcnt.o
                0x00000230                TCNT_start
                0x00000260                TCNT_start_div8
                0x0000029c                TCNT_start_div16
                0x000002d8                TCNT_stop
 .text          0x00000308      0xe20 build/firmware.o
                0x00000308                irq_handler
                0x0000034c                initialise
                0x00000630                Multiply
                0x0000069c                get_needed_bytes
                0x000006e4                save_compression
                0x000007dc                HashFunction
                0x0000088c                closest_difference
                0x000008d8                main
 .text          0x00001128        0x0 build/start.o

.data           0x00002000       0x10
                0x00000000                        . = 0x0
 *(.data)
 .data          0x00002000        0x0 build/tcnt.o
 .data          0x00002000       0x10 build/firmware.o
                0x00002000                header
 .data          0x00002010        0x0 build/start.o

.bss            0x00002010        0x0
 .bss           0x00002010        0x0 build/tcnt.o
 .bss           0x00002010        0x0 build/firmware.o
 .bss           0x00002010        0x0 build/start.o

.sbss           0x00002010        0x8
 .sbss          0x00002010        0x8 build/firmware.o
                0x00002010                position
                0x00002014                bool

.rodata         0x00002018     0x1000
                0x00001000                        . = 0x1000
 *fill*         0x00002018     0x1000 
 *(.rodata)
                0x00003018                        . = ALIGN (0x4)
 FILL mask 0xff

/DISCARD/
 *(.note*)
 *(.iplt*)
 *(.igot*)
 *(.rel*)
 *(.comment)
 *(.riscv.attributes)
LOAD build/tcnt.o
LOAD build/firmware.o
LOAD build/start.o
LOAD /opt/riscv/lib/gcc/riscv32-unknown-elf/13.2.0/libgcc.a
START GROUP
LOAD /opt/riscv/lib/gcc/riscv32-unknown-elf/13.2.0/../../../../riscv32-unknown-elf/lib/libc.a
LOAD /opt/riscv/lib/gcc/riscv32-unknown-elf/13.2.0/../../../../riscv32-unknown-elf/lib/libgloss.a
END GROUP
LOAD /opt/riscv/lib/gcc/riscv32-unknown-elf/13.2.0/libgcc.a
OUTPUT(firmware.elf elf32-littleriscv)
