
Discarded input sections

 .comment       0x00000000       0x1c build/tcnt.o
 .riscv.attributes
                0x00000000       0x25 build/tcnt.o
 .comment       0x00000000       0x1c build/firmware.o
 .riscv.attributes
                0x00000000       0x25 build/firmware.o
 .riscv.attributes
                0x00000000       0x27 build/start.o

Memory Configuration

Name             Origin             Length             Attributes
ROM              0x00000000         0x00002000         xr
RAM              0x00002000         0x00002000         xrw
*default*        0x00000000         0xffffffff

Linker script and memory map


.text           0x00000000      0x7ec
                0x00000000                        . = 0x0
 *(.init)
 .init          0x00000000      0x110 build/start.o
                0x00000000                start
                0x000000b8                sw_mult
 *(.text*)
 .text          0x00000110       0x78 build/tcnt.o
                0x00000110                TCNT_start
                0x00000124                TCNT_stop
                0x00000138                TCNT_start_div8
                0x00000160                TCNT_start_div16
 .text          0x00000188      0x664 build/firmware.o
                0x00000188                irq_handler
                0x000001ac                initialise
                0x000001f8                Multiply
                0x00000230                get_needed_bytes
                0x00000248                save_compression
                0x000002b0                HashFunction
                0x00000330                closest_difference
                0x0000033c                main
 .text          0x000007ec        0x0 build/start.o

.data           0x00002000       0x10
                0x00000000                        . = 0x0
 *(.data)
 .data          0x00002000        0x0 build/tcnt.o
 .data          0x00002000       0x10 build/firmware.o
                0x00002000                header
 .data          0x00002010        0x0 build/start.o

.bss            0x00002010        0x0
 .bss           0x00002010        0x0 build/tcnt.o
 .bss           0x00002010        0x0 build/firmware.o
 .bss           0x00002010        0x0 build/start.o

.sbss           0x00002010        0x5
 .sbss          0x00002010        0x5 build/firmware.o
                0x00002010                bool
                0x00002014                position

.rodata         0x00002015     0x1003
                0x00001000                        . = 0x1000
 *fill*         0x00002015     0x1000 
 *(.rodata)
                0x00003018                        . = ALIGN (0x4)
 *fill*         0x00003015        0x3 
 FILL mask 0xff

/DISCARD/
 *(.note*)
 *(.iplt*)
 *(.igot*)
 *(.rel*)
 *(.comment)
 *(.riscv.attributes)
LOAD build/tcnt.o
LOAD build/firmware.o
LOAD build/start.o
LOAD /opt/riscv/lib/gcc/riscv32-unknown-elf/13.2.0/libgcc.a
START GROUP
LOAD /opt/riscv/lib/gcc/riscv32-unknown-elf/13.2.0/../../../../riscv32-unknown-elf/lib/libc.a
LOAD /opt/riscv/lib/gcc/riscv32-unknown-elf/13.2.0/../../../../riscv32-unknown-elf/lib/libgloss.a
END GROUP
LOAD /opt/riscv/lib/gcc/riscv32-unknown-elf/13.2.0/libgcc.a
OUTPUT(firmware.elf elf32-littleriscv)
