
Discarded input sections

 .comment       0x00000000       0x1c build/tcnt.o
 .riscv.attributes
                0x00000000       0x1c build/tcnt.o
 .comment       0x00000000       0x1c build/firmware.o
 .riscv.attributes
                0x00000000       0x1c build/firmware.o
 .riscv.attributes
                0x00000000       0x1e build/start.o

Memory Configuration

Name             Origin             Length             Attributes
ROM              0x00000000         0x00002000         xr
RAM              0x00002000         0x00002000         xrw
*default*        0x00000000         0xffffffff

Linker script and memory map


.text           0x00000000     0x119c
                0x00000000                        . = 0x0
 *(.init)
 .init          0x00000000      0x220 build/start.o
                0x00000000                start
                0x000001bc                sw_mult
 *(.text*)
 .text          0x00000220       0xd8 build/tcnt.o
                0x00000220                TCNT_start
                0x00000250                TCNT_start_div8
                0x0000028c                TCNT_start_div16
                0x000002c8                TCNT_stop
 .text          0x000002f8      0xea4 build/firmware.o
                0x000002f8                irq_handler
                0x00000330                initialise
                0x00000614                Multiply
                0x00000680                get_needed_bytes
                0x000006ec                save_compression
                0x000007e8                HashFunction
                0x00000898                closest_difference
                0x000008e4                print_compressed_image
                0x00000948                main
 .text          0x0000119c        0x0 build/start.o

.data           0x00002000       0x10
                0x00000000                        . = 0x0
 *(.data)
 .data          0x00002000        0x0 build/tcnt.o
 .data          0x00002000       0x10 build/firmware.o
                0x00002000                header
 .data          0x00002010        0x0 build/start.o

.bss            0x00002010      0x400
 .bss           0x00002010        0x0 build/tcnt.o
 .bss           0x00002010      0x400 build/firmware.o
                0x00002010                compressed_image
 .bss           0x00002410        0x0 build/start.o

.sbss           0x00002410        0x1
 .sbss          0x00002410        0x1 build/firmware.o
                0x00002410                position

.rodata         0x00002411     0x1003
                0x00001000                        . = 0x1000
 *fill*         0x00002411     0x1000 
 *(.rodata)
                0x00003414                        . = ALIGN (0x4)
 *fill*         0x00003411        0x3 
 FILL mask 0xff

/DISCARD/
 *(.note*)
 *(.iplt*)
 *(.igot*)
 *(.rel*)
 *(.comment)
 *(.riscv.attributes)
LOAD build/tcnt.o
LOAD build/firmware.o
LOAD build/start.o
LOAD /opt/riscv/lib/gcc/riscv32-unknown-elf/13.2.0/libgcc.a
START GROUP
LOAD /opt/riscv/lib/gcc/riscv32-unknown-elf/13.2.0/../../../../riscv32-unknown-elf/lib/libc.a
LOAD /opt/riscv/lib/gcc/riscv32-unknown-elf/13.2.0/../../../../riscv32-unknown-elf/lib/libgloss.a
END GROUP
LOAD /opt/riscv/lib/gcc/riscv32-unknown-elf/13.2.0/libgcc.a
OUTPUT(firmware.elf elf32-littleriscv)
