
Discarded input sections

 .comment       0x00000000       0x1c build/print.o
 .riscv.attributes
                0x00000000       0x1c build/print.o
 .comment       0x00000000       0x1c build/tcnt.o
 .riscv.attributes
                0x00000000       0x1c build/tcnt.o
 .comment       0x00000000       0x1c build/firmware.o
 .riscv.attributes
                0x00000000       0x1c build/firmware.o
 .riscv.attributes
                0x00000000       0x1a build/start.o

Memory Configuration

Name             Origin             Length             Attributes
ROM              0x00000000         0x00000800         xr
RAM              0x00000800         0x00000800         xrw
*default*        0x00000000         0xffffffff

Linker script and memory map


.text           0x00000000      0x334
                0x00000000                        . = 0x0
 *(.init)
 .init          0x00000000       0x90 build/start.o
                0x00000000                start
 *(.text*)
 .text          0x00000090      0x1a4 build/print.o
                0x00000090                print_chr
                0x0000009c                print_str
                0x000000b8                Multiply
                0x000000e0                Power
                0x00000138                print_dec
                0x000001ec                print_hex
 .text          0x00000234       0x78 build/tcnt.o
                0x00000234                TCNT_start
                0x00000248                TCNT_stop
                0x0000025c                TCNT_start_div8
                0x00000284                TCNT_start_div16
 .text          0x000002ac        0x0 build/firmware.o
 .text.startup  0x000002ac       0x88 build/firmware.o
                0x000002ac                main
 .text          0x00000334        0x0 build/start.o

.data           0x00000800        0x0
                0x00000000                        . = 0x0
 *(.data)
 .data          0x00000800        0x0 build/print.o
 .data          0x00000800        0x0 build/tcnt.o
 .data          0x00000800        0x0 build/firmware.o
 .data          0x00000800        0x0 build/start.o

.bss            0x00000800        0x0
 .bss           0x00000800        0x0 build/print.o
 .bss           0x00000800        0x0 build/tcnt.o
 .bss           0x00000800        0x0 build/firmware.o
 .bss           0x00000800        0x0 build/start.o

.sbss           0x00000800        0x4
 .sbss          0x00000800        0x4 build/firmware.o
                0x00000800                tcnt

.rodata         0x00000804      0x400
                0x00000400                        . = 0x400
 *fill*         0x00000804      0x400 
 *(.rodata)
                0x00000c04                        . = ALIGN (0x4)
 FILL mask 0xff

.rodata.str1.4  0x00000c04       0x25
 .rodata.str1.4
                0x00000c04       0x25 build/print.o
                                 0x21 (size before relaxing)

/DISCARD/
 *(.note*)
 *(.iplt*)
 *(.igot*)
 *(.rel*)
 *(.comment)
 *(.riscv.attributes)
LOAD build/print.o
LOAD build/tcnt.o
LOAD build/firmware.o
LOAD build/start.o
LOAD /opt/riscv/lib/gcc/riscv32-unknown-elf/13.2.0/libgcc.a
START GROUP
LOAD /opt/riscv/lib/gcc/riscv32-unknown-elf/13.2.0/../../../../riscv32-unknown-elf/lib/libc.a
LOAD /opt/riscv/lib/gcc/riscv32-unknown-elf/13.2.0/../../../../riscv32-unknown-elf/lib/libgloss.a
END GROUP
LOAD /opt/riscv/lib/gcc/riscv32-unknown-elf/13.2.0/libgcc.a
OUTPUT(firmware.elf elf32-littleriscv)
