Archive member included to satisfy reference by file (symbol)

/opt/riscv/lib/gcc/riscv32-unknown-elf/13.2.0/libgcc.a(div.o)
                              build/convert.o (__udivsi3)

Discarded input sections

 .comment       0x00000000       0x1c build/print.o
 .riscv.attributes
                0x00000000       0x1c build/print.o
 .comment       0x00000000       0x1c build/convert.o
 .riscv.attributes
                0x00000000       0x1c build/convert.o
 .comment       0x00000000       0x1c build/firmware.o
 .riscv.attributes
                0x00000000       0x1c build/firmware.o
 .riscv.attributes
                0x00000000       0x1a build/start.o
 .debug_line    0x00000000      0x153 /opt/riscv/lib/gcc/riscv32-unknown-elf/13.2.0/libgcc.a(div.o)
 .debug_line_str
                0x00000000       0x89 /opt/riscv/lib/gcc/riscv32-unknown-elf/13.2.0/libgcc.a(div.o)
 .debug_info    0x00000000       0x5d /opt/riscv/lib/gcc/riscv32-unknown-elf/13.2.0/libgcc.a(div.o)
 .debug_abbrev  0x00000000       0x28 /opt/riscv/lib/gcc/riscv32-unknown-elf/13.2.0/libgcc.a(div.o)
 .debug_aranges
                0x00000000       0x20 /opt/riscv/lib/gcc/riscv32-unknown-elf/13.2.0/libgcc.a(div.o)
 .debug_str     0x00000000       0xce /opt/riscv/lib/gcc/riscv32-unknown-elf/13.2.0/libgcc.a(div.o)
 .riscv.attributes
                0x00000000       0x51 /opt/riscv/lib/gcc/riscv32-unknown-elf/13.2.0/libgcc.a(div.o)

Memory Configuration

Name             Origin             Length             Attributes
ROM              0x00000000         0x00000800         xr
RAM              0x00000800         0x00000800         xrw
*default*        0x00000000         0xffffffff

Linker script and memory map


.text           0x00000000      0x2ce
                0x00000000                        . = 0x0
 *(.init)
 .init          0x00000000       0x90 build/start.o
                0x00000000                start
 *(.text*)
 .text          0x00000090       0xec build/print.o
                0x00000090                print_chr
                0x0000009c                print_str
                0x000000b8                print_dec
                0x00000134                print_hex
 .text          0x0000017c       0x28 build/convert.o
                0x0000017c                convert
 .text          0x000001a4        0x0 build/firmware.o
 .text.startup  0x000001a4       0xac build/firmware.o
                0x000001a4                main
 .text          0x00000250        0x0 build/start.o
 .text          0x00000250       0x7e /opt/riscv/lib/gcc/riscv32-unknown-elf/13.2.0/libgcc.a(div.o)
                0x00000250                __divsi3
                0x00000258                __hidden___udivsi3
                0x00000258                __udivsi3
                0x00000284                __umodsi3
                0x000002a8                __modsi3

.data           0x00000800        0x0
                0x00000000                        . = 0x0
 *(.data)
 .data          0x00000800        0x0 build/print.o
 .data          0x00000800        0x0 build/convert.o
 .data          0x00000800        0x0 build/firmware.o
 .data          0x00000800        0x0 build/start.o
 .data          0x00000800        0x0 /opt/riscv/lib/gcc/riscv32-unknown-elf/13.2.0/libgcc.a(div.o)

.bss            0x00000800        0x0
 .bss           0x00000800        0x0 build/print.o
 .bss           0x00000800        0x0 build/convert.o
 .bss           0x00000800        0x0 build/firmware.o
 .bss           0x00000800        0x0 build/start.o
 .bss           0x00000800        0x0 /opt/riscv/lib/gcc/riscv32-unknown-elf/13.2.0/libgcc.a(div.o)

.rodata         0x00000800      0x400
                0x00000400                        . = 0x400
 *fill*         0x00000800      0x400 
 *(.rodata)
                0x00000c00                        . = ALIGN (0x4)
 FILL mask 0xff

.rodata.str1.4  0x00000c00       0x15
 .rodata.str1.4
                0x00000c00       0x15 build/print.o
 .rodata.str1.4
                0x00000c15        0x2 build/firmware.o

/DISCARD/
 *(.note*)
 *(.iplt*)
 *(.igot*)
 *(.rel*)
 *(.comment)
 *(.riscv.attributes)
LOAD build/print.o
LOAD build/convert.o
LOAD build/firmware.o
LOAD build/start.o
LOAD /opt/riscv/lib/gcc/riscv32-unknown-elf/13.2.0/libgcc.a
START GROUP
LOAD /opt/riscv/lib/gcc/riscv32-unknown-elf/13.2.0/../../../../riscv32-unknown-elf/lib/libc.a
LOAD /opt/riscv/lib/gcc/riscv32-unknown-elf/13.2.0/../../../../riscv32-unknown-elf/lib/libgloss.a
END GROUP
LOAD /opt/riscv/lib/gcc/riscv32-unknown-elf/13.2.0/libgcc.a
OUTPUT(firmware.elf elf32-littleriscv)
